// Vitest Snapshot v1, https://vitest.dev/guide/snapshot.html

exports[`ExtensionItem > renders extension name and config 1`] = `
"<h1 class="text-h3">Test Extension</h1>
<h2 class="text-h4">Configuration</h2>
<div class="v-table v-table--has-top v-table--has-bottom v-theme--light v-table--density-default v-data-table">
  <!---->
  <div class="v-table__wrapper">
    <table>
      <!---->
      <thead>
        <tr>
          <th class="v-data-table__td v-data-table-column--align-start v-data-table__th" colspan="1" rowspan="1">
            <div class="v-data-table-header__content"><span>Key</span>
              <!---->
              <!---->
            </div>
          </th>
          <th class="v-data-table__td v-data-table-column--align-start v-data-table__th" colspan="1" rowspan="1">
            <div class="v-data-table-header__content"><span>Value</span>
              <!---->
              <!---->
            </div>
          </th>
        </tr>
        <!---->
      </thead>
      <!---->
      <tbody>
        <!---->
        <tr class="v-data-table__tr">
          <td class="v-data-table__td v-data-table-column--align-start">foo</td>
          <td class="v-data-table__td v-data-table-column--align-start">bar</td>
        </tr>
        <!---->
        <tr class="v-data-table__tr">
          <td class="v-data-table__td v-data-table-column--align-start">baz</td>
          <td class="v-data-table__td v-data-table-column--align-start">qux</td>
        </tr>
        <!---->
        <!---->
      </tbody>
      <!---->
      <!---->
    </table>
  </div>
  <!---->
</div>
<!--v-if-->"
`;
